* ******************************************************************************

* iCEcube Report

* Version:            2020.12.27943

* Build Date:         Dec  9 2020 17:31:51

* File Generated:     Sep 19 2024 18:23:56

* Purpose:            General info of design implementation

* Copyright (C) 2006-2010 by Lattice Semiconductor Corp. All rights reserved.

* ******************************************************************************

Synthesis/Placement Summary:
----------------------------
    Status:  Successful
    Runtime: 0 seconds

Device Info:
------------
    Device Family: iCE40
    Device:        iCE40HX1K
    Package:       TQ144

Design statistics:
------------------
    FFs:                  4
    LUTs:                 4
    RAMs:                 0
    IOBs:                 6
    GBs:                  1
    PLLs:                 0
    Warm Boots:           0

Logic Resource Utilization:
---------------------------
    Total Logic Cells: 4/1280
        Combinational Logic Cells: 0        out of   1280      0%
        Sequential Logic Cells:    4        out of   1280      0.3125%
        Logic Tiles:               1        out of   160       0.625%
    Registers: 
        Logic Registers:           4        out of   1280      0.3125%
        IO Registers:              0        out of   560       0
    Block RAMs:                    0        out of   16        0%
    Warm Boots:                    0        out of   1         0%
    Pins:
        Input Pins:                2        out of   96        2.08333%
        Output Pins:               4        out of   96        4.16667%
        InOut Pins:                0        out of   96        0%
    Global Buffers:                1        out of   8         12.5%
    PLLs:                          0        out of   1         0%

IO Bank Utilization:
--------------------
    Bank 3: 6        out of   24        25%
    Bank 1: 0        out of   25        0%
    Bank 0: 0        out of   23        0%
    Bank 2: 0        out of   24        0%

Detailed I/O Info:
------------------
    Input Pins: 
    Pin Number  Direction  IO Standard  Pull Up  IO Bank  IO Function    Signal Name
    ----------  ---------  -----------  -------  -------  -----------    -----------
    20          Input      SB_LVCMOS    No       3        Simple Input   enable   
    28          Input      SB_LVCMOS    No       3        Simple Input   reset    

    Output Pins: 
    Pin Number  Direction  IO Standard  Pull Up  IO Bank  IO Function    Signal Name
    ----------  ---------  -----------  -------  -------  -----------    -----------
    31          Output     SB_LVCMOS    No       3        Simple Output  leds[1]  
    32          Output     SB_LVCMOS    No       3        Simple Output  leds[2]  
    33          Output     SB_LVCMOS    No       3        Simple Output  leds[0]  
    34          Output     SB_LVCMOS    No       3        Simple Output  leds[3]  

Detailed Global Buffer Info:
----------------------------
    Buffer Number  IO Bank  Driven By  Fanout  Signal Name 
    -------------  -------  ---------  ------  ----------- 
    4              3        IO         4       enable_c_g  


Router Summary:
---------------
    Status:  Successful
    Runtime: 2 seconds

Routing Resource Utilization:
-----------------------------
              Local line of tile       25 out of  28666      0.0872113%
                          Span 4        2 out of   6944      0.0288018%
                  Global network        1 out of      8      12.5%
      Vertical Inter-LUT Connect        0 out of   1120      0%

